Archive member included to satisfy reference by file (symbol)

c:/program files (x86)/atmel/studio/7.0/toolchain/avr8/avr8-gnu-toolchain/bin/../lib/gcc/avr/5.4.0/../../../../avr/lib/avr6\libm.a(addsf3.o)
                              DS3231.o (__addsf3)
c:/program files (x86)/atmel/studio/7.0/toolchain/avr8/avr8-gnu-toolchain/bin/../lib/gcc/avr/5.4.0/../../../../avr/lib/avr6\libm.a(addsf3x.o)
                              c:/program files (x86)/atmel/studio/7.0/toolchain/avr8/avr8-gnu-toolchain/bin/../lib/gcc/avr/5.4.0/../../../../avr/lib/avr6\libm.a(addsf3.o) (__addsf3x)
c:/program files (x86)/atmel/studio/7.0/toolchain/avr8/avr8-gnu-toolchain/bin/../lib/gcc/avr/5.4.0/../../../../avr/lib/avr6\libm.a(cmpsf2.o)
                              main.o (__ltsf2)
c:/program files (x86)/atmel/studio/7.0/toolchain/avr8/avr8-gnu-toolchain/bin/../lib/gcc/avr/5.4.0/../../../../avr/lib/avr6\libm.a(divsf3.o)
                              pressureSensor.o (__divsf3)
c:/program files (x86)/atmel/studio/7.0/toolchain/avr8/avr8-gnu-toolchain/bin/../lib/gcc/avr/5.4.0/../../../../avr/lib/avr6\libm.a(divsf3x.o)
                              c:/program files (x86)/atmel/studio/7.0/toolchain/avr8/avr8-gnu-toolchain/bin/../lib/gcc/avr/5.4.0/../../../../avr/lib/avr6\libm.a(divsf3.o) (__divsf3x)
c:/program files (x86)/atmel/studio/7.0/toolchain/avr8/avr8-gnu-toolchain/bin/../lib/gcc/avr/5.4.0/../../../../avr/lib/avr6\libm.a(floatsisf.o)
                              DS3231.o (__floatunsisf)
c:/program files (x86)/atmel/studio/7.0/toolchain/avr8/avr8-gnu-toolchain/bin/../lib/gcc/avr/5.4.0/../../../../avr/lib/avr6\libm.a(fp_cmp.o)
                              c:/program files (x86)/atmel/studio/7.0/toolchain/avr8/avr8-gnu-toolchain/bin/../lib/gcc/avr/5.4.0/../../../../avr/lib/avr6\libm.a(cmpsf2.o) (__fp_cmp)
c:/program files (x86)/atmel/studio/7.0/toolchain/avr8/avr8-gnu-toolchain/bin/../lib/gcc/avr/5.4.0/../../../../avr/lib/avr6\libm.a(fp_inf.o)
                              c:/program files (x86)/atmel/studio/7.0/toolchain/avr8/avr8-gnu-toolchain/bin/../lib/gcc/avr/5.4.0/../../../../avr/lib/avr6\libm.a(addsf3x.o) (__fp_inf)
c:/program files (x86)/atmel/studio/7.0/toolchain/avr8/avr8-gnu-toolchain/bin/../lib/gcc/avr/5.4.0/../../../../avr/lib/avr6\libm.a(fp_nan.o)
                              c:/program files (x86)/atmel/studio/7.0/toolchain/avr8/avr8-gnu-toolchain/bin/../lib/gcc/avr/5.4.0/../../../../avr/lib/avr6\libm.a(addsf3x.o) (__fp_nan)
c:/program files (x86)/atmel/studio/7.0/toolchain/avr8/avr8-gnu-toolchain/bin/../lib/gcc/avr/5.4.0/../../../../avr/lib/avr6\libm.a(fp_pscA.o)
                              c:/program files (x86)/atmel/studio/7.0/toolchain/avr8/avr8-gnu-toolchain/bin/../lib/gcc/avr/5.4.0/../../../../avr/lib/avr6\libm.a(addsf3x.o) (__fp_pscA)
c:/program files (x86)/atmel/studio/7.0/toolchain/avr8/avr8-gnu-toolchain/bin/../lib/gcc/avr/5.4.0/../../../../avr/lib/avr6\libm.a(fp_pscB.o)
                              c:/program files (x86)/atmel/studio/7.0/toolchain/avr8/avr8-gnu-toolchain/bin/../lib/gcc/avr/5.4.0/../../../../avr/lib/avr6\libm.a(addsf3x.o) (__fp_pscB)
c:/program files (x86)/atmel/studio/7.0/toolchain/avr8/avr8-gnu-toolchain/bin/../lib/gcc/avr/5.4.0/../../../../avr/lib/avr6\libm.a(fp_round.o)
                              c:/program files (x86)/atmel/studio/7.0/toolchain/avr8/avr8-gnu-toolchain/bin/../lib/gcc/avr/5.4.0/../../../../avr/lib/avr6\libm.a(addsf3.o) (__fp_round)
c:/program files (x86)/atmel/studio/7.0/toolchain/avr8/avr8-gnu-toolchain/bin/../lib/gcc/avr/5.4.0/../../../../avr/lib/avr6\libm.a(fp_split3.o)
                              c:/program files (x86)/atmel/studio/7.0/toolchain/avr8/avr8-gnu-toolchain/bin/../lib/gcc/avr/5.4.0/../../../../avr/lib/avr6\libm.a(addsf3x.o) (__fp_split3)
c:/program files (x86)/atmel/studio/7.0/toolchain/avr8/avr8-gnu-toolchain/bin/../lib/gcc/avr/5.4.0/../../../../avr/lib/avr6\libm.a(fp_zero.o)
                              c:/program files (x86)/atmel/studio/7.0/toolchain/avr8/avr8-gnu-toolchain/bin/../lib/gcc/avr/5.4.0/../../../../avr/lib/avr6\libm.a(addsf3x.o) (__fp_zero)
c:/program files (x86)/atmel/studio/7.0/toolchain/avr8/avr8-gnu-toolchain/bin/../lib/gcc/avr/5.4.0/../../../../avr/lib/avr6\libm.a(gesf2.o)
                              main.o (__gtsf2)
c:/program files (x86)/atmel/studio/7.0/toolchain/avr8/avr8-gnu-toolchain/bin/../lib/gcc/avr/5.4.0/../../../../avr/lib/avr6\libm.a(mulsf3.o)
                              DS3231.o (__mulsf3)
c:/program files (x86)/atmel/studio/7.0/toolchain/avr8/avr8-gnu-toolchain/bin/../lib/gcc/avr/5.4.0/../../../../avr/lib/avr6\libm.a(mulsf3x.o)
                              c:/program files (x86)/atmel/studio/7.0/toolchain/avr8/avr8-gnu-toolchain/bin/../lib/gcc/avr/5.4.0/../../../../avr/lib/avr6\libm.a(mulsf3.o) (__mulsf3x)
c:/program files (x86)/atmel/studio/7.0/toolchain/avr8/avr8-gnu-toolchain/bin/../lib/gcc/avr/5.4.0/../../../../avr/lib/avr6\libprintf_flt.a(vfprintf_flt.o)
[...]
Memory Configuration

Name             Origin             Length             Attributes
text             0x00000000         0x00100000         xr
data             0x00800200         0x0000fe00         rw !x
eeprom           0x00810000         0x00010000         rw !x
fuse             0x00820000         0x00000003         rw !x
lock             0x00830000         0x00000400         rw !x
signature        0x00840000         0x00000400         rw !x
user_signatures  0x00850000         0x00000400         rw !x
*default*        0x00000000         0xffffffff

Linker script and memory map

Address of section .data set to 0x800200
LOAD C:/Program Files (x86)/Atmel/Studio/7.0/Packs/atmel/ATmega_DFP/1.2.209/gcc/dev/atmega2560/avr6/crtatmega2560.o
LOAD buoyancy.o
LOAD DS3231.o
LOAD fram.o
LOAD fs2012.o
LOAD i2c.o
LOAD lcd.o
LOAD logging.o
LOAD main.o
LOAD motorDriver.o
LOAD pressureSensor.o
LOAD pulseflow.o
LOAD r9valve.o
LOAD rockblock.o
LOAD settings.o
LOAD spi.o
LOAD sync.o
LOAD timerx.o
LOAD uart.o
LOAD volume.o
LOAD wakeupINT2.o
START GROUP
LOAD c:/program files (x86)/atmel/studio/7.0/toolchain/avr8/avr8-gnu-toolchain/bin/../lib/gcc/avr/5.4.0/../../../../avr/lib/avr6\libm.a
LOAD c:/program files (x86)/atmel/studio/7.0/toolchain/avr8/avr8-gnu-toolchain/bin/../lib/gcc/avr/5.4.0/../../../../avr/lib/avr6\libm.a
LOAD c:/program files (x86)/atmel/studio/7.0/toolchain/avr8/avr8-gnu-toolchain/bin/../lib/gcc/avr/5.4.0/../../../../avr/lib/avr6\libprintf_flt.a
LOAD C:\Users\kho024\CSIRO\PROGRA~1\ATMELS~1\7.0\STANFI~2\STAN5F~1\STAN5F~1\libflowmeter.a
END GROUP
START GROUP
LOAD c:/program files (x86)/atmel/studio/7.0/toolchain/avr8/avr8-gnu-toolchain/bin/../lib/gcc/avr/5.4.0/avr6\libgcc.a
LOAD c:/program files (x86)/atmel/studio/7.0/toolchain/avr8/avr8-gnu-toolchain/bin/../lib/gcc/avr/5.4.0/../../../../avr/lib/avr6\libm.a
LOAD c:/program files (x86)/atmel/studio/7.0/toolchain/avr8/avr8-gnu-toolchain/bin/../lib/gcc/avr/5.4.0/../../../../avr/lib/avr6\libc.a
LOAD C:/Program Files (x86)/Atmel/Studio/7.0/Packs/atmel/ATmega_DFP/1.2.209/gcc/dev/atmega2560/avr6\libatmega2560.a
END GROUP
                0x00100000                __TEXT_REGION_LENGTH__ = DEFINED (__TEXT_REGION_LENGTH__)?__TEXT_REGION_LENGTH__:0x100000
                0x0000fe00                __DATA_REGION_LENGTH__ = DEFINED (__DATA_REGION_LENGTH__)?__DATA_REGION_LENGTH__:0xfe00
                0x00010000                __EEPROM_REGION_LENGTH__ = DEFINED (__EEPROM_REGION_LENGTH__)?__EEPROM_REGION_LENGTH__:0x10000
                [0x00000003]                __FUSE_REGION_LENGTH__ = DEFINED (__FUSE_REGION_LENGTH__)?__FUSE_REGION_LENGTH__:0x400
                0x00000400                __LOCK_REGION_LENGTH__ = DEFINED (__LOCK_REGION_LENGTH__)?__LOCK_REGION_LENGTH__:0x400
                0x00000400                __SIGNATURE_REGION_LENGTH__ = DEFINED (__SIGNATURE_REGION_LENGTH__)?__SIGNATURE_REGION_LENGTH__:0x400
                0x00000400                __USER_SIGNATURE_REGION_LENGTH__ = DEFINED (__USER_SIGNATURE_REGION_LENGTH__)?__USER_SIGNATURE_REGION_LENGTH__:0x400

.hash
 *(.hash)

.dynsym
 *(.dynsym)

.dynstr
 *(.dynstr)

.gnu.version
 *(.gnu.version)

.gnu.version_d
 *(.gnu.version_d)

.gnu.version_r
 *(.gnu.version_r)

.rel.init
 *(.rel.init)

.rela.init
 *(.rela.init)

.rel.text
 *(.rel.text)
 *(.rel.text.*)
 *(.rel.gnu.linkonce.t*)

.rela.text
 *(.rela.text)
 *(.rela.text.*)
 *(.rela.gnu.linkonce.t*)

.rel.fini
 *(.rel.fini)

.rela.fini
 *(.rela.fini)

.rel.rodata
 *(.rel.rodata)
 *(.rel.rodata.*)
 *(.rel.gnu.linkonce.r*)

.rela.rodata
 *(.rela.rodata)
 *(.rela.rodata.*)
 *(.rela.gnu.linkonce.r*)

.rel.data
 *(.rel.data)
 *(.rel.data.*)
 *(.rel.gnu.linkonce.d*)

.rela.data
 *(.rela.data)
 *(.rela.data.*)
 *(.rela.gnu.linkonce.d*)

.rel.ctors
 *(.rel.ctors)

.rela.ctors
 *(.rela.ctors)

.rel.dtors
 *(.rel.dtors)

.rela.dtors
 *(.rela.dtors)

.rel.got
 *(.rel.got)

.rela.got
 *(.rela.got)

.rel.bss
 *(.rel.bss)

.rela.bss
 *(.rela.bss)

.rel.plt
 *(.rel.plt)

.rela.plt
 *(.rela.plt)

.text           0x00000000     0x48b6
 *(.vectors)
 .vectors       0x00000000       0xe4 C:/Program Files (x86)/Atmel/Studio/7.0/Packs/atmel/ATmega_DFP/1.2.209/gcc/dev/atmega2560/avr6/crtatmega2560.o
                0x00000000                __vector_default
                0x00000000                __vectors
 *(.vectors)
 *(.progmem.gcc*)
 .progmem.gcc_sw_table.LedControl
                0x000000e4       0x20 main.o
                0x00000104                . = ALIGN (0x2)
                0x00000104                __trampolines_start = .
 *(.trampolines)
 .trampolines   0x00000104        0x0 linker stubs
 *(.trampolines*)
                0x00000104                __trampolines_end = .
 *libprintf_flt.a:*(.progmem.data)
 .progmem.data  0x00000104        0x8 c:/program files (x86)/atmel/studio/7.0/toolchain/avr8/avr8-gnu-toolchain/bin/../lib/gcc/avr/5.4.0/../../../../avr/lib/avr6\libprintf_flt.a(vfprintf_flt.o)
 *libc.a:*(.progmem.data)
 .progmem.data  0x0000010c       0xfa c:/program files (x86)/atmel/studio/7.0/toolchain/avr8/avr8-gnu-toolchain/bin/../lib/gcc/avr/5.4.0/../../../../avr/lib/avr6\libc.a(ftoa_engine.o)
 *(.progmem*)
 .progmem.data.command_structure_array
                0x00000206      0x12c main.o
                0x00000206                command_structure_array
 .progmem.data.helptext49
                0x00000332        0x4 main.o
                0x00000332                helptext49
 .progmem.data.helptext48
                0x00000336        0x2 main.o
                0x00000336                helptext48
 .progmem.data.helptext47
                0x00000338        0x2 main.o
                0x00000338                helptext47
 .progmem.data.helptext46
                0x0000033a        0x2 main.o
                0x0000033a                helptext46
 .progmem.data.helptext45
                0x0000033c        0x2 main.o
                0x0000033c                helptext45
 .progmem.data.helptext44
                0x0000033e        0x2 main.o
                0x0000033e                helptext44
 .progmem.data.helptext43
                0x00000340        0x2 main.o
                0x00000340                helptext43
 .progmem.data.helptext42
                0x00000342        0x2 main.o
                0x00000342                helptext42
 .progmem.data.helptext41
                0x00000344        0x2 main.o
                0x00000344                helptext41
 .progmem.data.helptext40
                0x00000346        0x2 main.o
                0x00000346                helptext40
 .progmem.data.helptext39
                0x00000348        0x2 main.o
                0x00000348                helptext39
 .progmem.data.helptext38
                0x0000034a        0x2 main.o
                0x0000034a                helptext38
 .progmem.data.helptext37
                0x0000034c        0x2 main.o
                0x0000034c                helptext37
 .progmem.data.helptext36
                0x0000034e        0x2 main.o
                0x0000034e                helptext36
 .progmem.data.helptext35
                0x00000350        0x2 main.o
                0x00000350                helptext35
 .progmem.data.helptext34
                0x00000352        0x2 main.o
                0x00000352                helptext34
 .progmem.data.helptext33
                0x00000354        0x2 main.o
                0x00000354                helptext33
 .progmem.data.helptext32
                0x00000356        0x2 main.o
                0x00000356                helptext32
 .progmem.data.helptext31
                0x00000358        0x2 main.o
                0x00000358                helptext31
 .progmem.data.helptext30
                0x0000035a        0x2 main.o
                0x0000035a                helptext30
 .progmem.data.helptext29
                0x0000035c        0x2 main.o
                0x0000035c                helptext29
 .progmem.data.helptext28
                0x0000035e        0x2 main.o
                0x0000035e                helptext28
 .progmem.data.helptext27
                0x00000360        0x2 main.o
                0x00000360                helptext27
 .progmem.data.helptext26
                0x00000362        0x2 main.o
                0x00000362                helptext26
 .progmem.data.helptext25
                0x00000364        0x2 main.o
                0x00000364                helptext25
 .progmem.data.helptext24
                0x00000366        0x2 main.o
                0x00000366                helptext24
 .progmem.data.helptext23
                0x00000368        0x2 main.o
                0x00000368                helptext23
 .progmem.data.helptext22
                0x0000036a        0x2 main.o
                0x0000036a                helptext22
 .progmem.data.helptext21
                0x0000036c        0x2 main.o
                0x0000036c                helptext21
 .progmem.data.helptext20
                0x0000036e        0x2 main.o
                0x0000036e                helptext20
 .progmem.data.helptext19
                0x00000370        0x2 main.o
                0x00000370                helptext19
 .progmem.data.helptext18
                0x00000372       0x10 main.o
                0x00000372                helptext18
 .progmem.data.helptext17
                0x00000382        0xf main.o
                0x00000382                helptext17
 .progmem.data.helptext16
                0x00000391       0x1f main.o
                0x00000391                helptext16
 .progmem.data.helptext15
                0x000003b0       0x13 main.o
                0x000003b0                helptext15
 .progmem.data.helptext14
                0x000003c3       0x3a main.o
                0x000003c3                helptext14
 .progmem.data.helptext13
                0x000003fd       0x35 main.o
                0x000003fd                helptext13
 .progmem.data.helptext12
                0x00000432        0x2 main.o
                0x00000432                helptext12
 .progmem.data.helptext11
                0x00000434        0x2 main.o
                0x00000434                helptext11
 .progmem.data.helptext10
                0x00000436        0x2 main.o
                0x00000436                helptext10
 .progmem.data.helptext9
                0x00000438        0x2 main.o
                0x00000438                helptext9
 .progmem.data.helptext8
                0x0000043a        0x2 main.o
                0x0000043a                helptext8
 .progmem.data.helptext7
                0x0000043c        0x2 main.o
                0x0000043c                helptext7
 .progmem.data.helptext6
                0x0000043e        0x2 main.o
                0x0000043e                helptext6
 .progmem.data.helptext5
                0x00000440        0x2 main.o
                0x00000440                helptext5
 .progmem.data.helptext4
                0x00000442        0x2 main.o
                0x00000442                helptext4
 .progmem.data.helptext3
                0x00000444        0x2 main.o
                0x00000444                helptext3
 .progmem.data.helptext2
                0x00000446        0x2 main.o
                0x00000446                helptext2
 .progmem.data.helptext1
                0x00000448        0x2 main.o
                0x00000448                helptext1
 .progmem.data.helptext0
                0x0000044a       0x1f main.o
                0x0000044a                helptext0
 .progmem.data.MAINMENUTEXT
                0x00000469       0x80 main.o
                0x00000469                MAINMENUTEXT
                0x000004ea                . = ALIGN (0x2)
 *fill*         0x000004e9        0x1 
 *(.jumptables)
 *(.jumptables*)
 *(.lowtext)
 *(.lowtext*)
                0x000004ea                __ctors_start = .
 *(.ctors)
                0x000004ea                __ctors_end = .
                0x000004ea                __dtors_start = .
 *(.dtors)
                0x000004ea                __dtors_end = .
 SORT(*)(.ctors)
 SORT(*)(.dtors)
 *(.init0)
 .init0         0x000004ea        0x0 C:/Program Files (x86)/Atmel/Studio/7.0/Packs/atmel/ATmega_DFP/1.2.209/gcc/dev/atmega2560/avr6/crtatmega2560.o
                0x000004ea                __init
 *(.init0)
 *(.init1)
 *(.init1)
 *(.init2)
 .init2         0x000004ea       0x10 C:/Program Files (x86)/Atmel/Studio/7.0/Packs/atmel/ATmega_DFP/1.2.209/gcc/dev/atmega2560/avr6/crtatmega2560.o
 *(.init2)
 *(.init3)
 *(.init3)
 *(.init4)
 .init4         0x000004fa       0x1a c:/program files (x86)/atmel/studio/7.0/toolchain/avr8/avr8-gnu-toolchain/bin/../lib/gcc/avr/5.4.0/avr6\libgcc.a(_copy_data.o)
                0x000004fa                __do_copy_data
 .init4         0x00000514       0x10 c:/program files (x86)/atmel/studio/7.0/toolchain/avr8/avr8-gnu-toolchain/bin/../lib/gcc/avr/5.4.0/avr6\libgcc.a(_clear_bss.o)
                0x00000514                __do_clear_bss
 *(.init4)
 *(.init5)
 *(.init5)
 *(.init6)
 *(.init6)
 *(.init7)
 *(.init7)
 *(.init8)
 *(.init8)
 *(.init9)
 .init9         0x00000524        0x8 C:/Program Files (x86)/Atmel/Studio/7.0/Packs/atmel/ATmega_DFP/1.2.209/gcc/dev/atmega2560/avr6/crtatmega2560.o
 *(.init9)
 *(.text)
 .text          0x0000052c        0x2 C:/Program Files (x86)/Atmel/Studio/7.0/Packs/atmel/ATmega_DFP/1.2.209/gcc/dev/atmega2560/avr6/crtatmega2560.o
                0x0000052c                __vector_38
                0x0000052c                __vector_22
                0x0000052c                __vector_28
                0x0000052c                __vector_1
                0x0000052c                __vector_32
                0x0000052c                __vector_34
                0x0000052c                __vector_24
                0x0000052c                __vector_12
                0x0000052c                __vector_55
                0x0000052c                __vector_46
                0x0000052c                __bad_interrupt
                0x0000052c                __vector_31
                0x0000052c                __vector_35
                0x0000052c                __vector_39
                0x0000052c                __vector_23
                0x0000052c                __vector_30
                0x0000052c                __vector_45
                0x0000052c                __vector_11
                0x0000052c                __vector_54
                0x0000052c                __vector_13
                0x0000052c                __vector_17
                0x0000052c                __vector_19
                0x0000052c                __vector_56
                0x0000052c                __vector_7
                0x0000052c                __vector_49
                0x0000052c                __vector_41
                0x0000052c                __vector_43
                0x0000052c                __vector_27
                0x0000052c                __vector_33
                0x0000052c                __vector_47
                0x0000052c                __vector_52
                0x0000052c                __vector_37
                0x0000052c                __vector_4
                0x0000052c                __vector_44
                0x0000052c                __vector_51
                0x0000052c                __vector_9
                0x0000052c                __vector_2
                0x0000052c                __vector_21
                0x0000052c                __vector_15
                0x0000052c                __vector_36
                0x0000052c                __vector_29
                0x0000052c                __vector_40
                0x0000052c                __vector_26
                0x0000052c                __vector_48
                0x0000052c                __vector_14
                0x0000052c                __vector_53
                0x0000052c                __vector_50
                0x0000052c                __vector_16
                0x0000052c                __vector_18
                0x0000052c                __vector_20
                0x0000052e                . = ALIGN (0x2)
 *(.text.*)
 .text.BUOYANCYgoToSurface
                0x0000052e       0x48 buoyancy.o
                0x0000052e                BUOYANCYgoToSurface
 .text.BUOYANCYgoToDepth
                0x00000576       0x48 buoyancy.o
                0x00000576                BUOYANCYgoToDepth
 .text.bcd_to_decimal
                0x000005be       0x16 DS3231.o
                0x000005be                bcd_to_decimal
 .text.decimal_to_bcd
                0x000005d4       0x28 DS3231.o
                0x000005d4                decimal_to_bcd
 .text.DS3231_Read
                0x000005fc       0x20 DS3231.o
                0x000005fc                DS3231_Read
 .text.DS3231_Write
                0x0000061c       0x1e DS3231.o
                0x0000061c                DS3231_Write
 .text.DS3231_init
                0x0000063a       0x1e DS3231.o
                0x0000063a                DS3231_init
 .text.printTimestring
                0x00000658       0xde DS3231.o
                0x00000658                printTimestring
 .text.printDatestring
                0x00000736       0xe6 DS3231.o
                0x00000736                printDatestring
 .text.setTime  0x0000081c       0x2e DS3231.o
                0x0000081c                setTime
 .text.setClockfromString
                0x0000084a       0xe0 DS3231.o
                0x0000084a                setClockfromString
 .text.setDate  0x0000092a       0x2a DS3231.o
                0x0000092a                setDate
 .text.setDatefromString
                0x00000954       0xe0 DS3231.o
                0x00000954                setDatefromString
 .text.getTemp  0x00000a34       0x60 DS3231.o
                0x00000a34                getTemp
 .text.printRTCtemp
                0x00000a94       0x58 DS3231.o
                0x00000a94                printRTCtemp
 .text.printAlarm1string
                0x00000aec      0x11e DS3231.o
                0x00000aec                printAlarm1string
 .text.ds3231Alarm1on
                0x00000c0a       0x38 DS3231.o
                0x00000c0a                ds3231Alarm1on
 .text.ds3231Alarm1settime
                0x00000c42       0x82 DS3231.o
                0x00000c42                ds3231Alarm1settime
 .text.setAlarm1string
                0x00000cc4       0xfc DS3231.o
                0x00000cc4                setAlarm1string
 .text.ds3231Alarm1off
                0x00000dc0       0x38 DS3231.o
                0x00000dc0                ds3231Alarm1off
 .text.TimeDateString
                0x00000df8      0x16c DS3231.o
                0x00000df8                TimeDateString
 .text.fram_write_sequential_address_to_fram
                0x00000f64       0x28 fram.o
                0x00000f64                fram_write_sequential_address_to_fram
 .text.fram_resetWriteAddress
                0x00000f8c       0x1c fram.o
                0x00000f8c                fram_resetWriteAddress
 .text.fs2012_sample
                0x00000fa8       0x56 fs2012.o
                0x00000fa8                fs2012_sample
 .text.initI2C  0x00000ffe       0x1a i2c.o
                0x00000ffe                initI2C
 .text.i2cSetTimeout
                0x00001018       0x26 i2c.o
                0x00001018                i2cSetTimeout
 .text.i2cGotTimeout
                0x0000103e        0x6 i2c.o
                0x0000103e                i2cGotTimeout
 .text.i2cWaitForComplete
                0x00001044       0x64 i2c.o
                0x00001044                i2cWaitForComplete
 .text.i2cStart
                0x000010a8        0xa i2c.o
                0x000010a8                i2cStart
 .text.i2cStop  0x000010b2        0x8 i2c.o
                0x000010b2                i2cStop
 .text.i2cReadAck
                0x000010ba        0xe i2c.o
                0x000010ba                i2cReadAck
 .text.i2cReadNoAck
                0x000010c8        0xe i2c.o
                0x000010c8                i2cReadNoAck
 .text.i2cSend  0x000010d6        0xe i2c.o
                0x000010d6                i2cSend
 .text.LogInfo  0x000010e4       0x94 logging.o
                0x000010e4                LogInfo
 .text.LogDebug
                0x00001178       0x94 logging.o
                0x00001178                LogDebug
 .text.collectSample
                0x0000120c      0x4a8 main.o
                0x0000120c                collectSample
 .text.__vector_42
                0x000016b4       0xc4 main.o
                0x000016b4                __vector_42
 .text.__vector_3
                0x00001778       0x72 main.o
                0x00001778                __vector_3
 .text.__vector_8
                0x000017ea       0x7a main.o
                0x000017ea                __vector_8
 .text.__vector_25
                0x00001864       0x5e main.o
                0x00001864                __vector_25
 .text.settings_Print
                0x000018c2       0x32 main.o
                0x000018c2                settings_Print
 .text.init_interrupts
                0x000018f4       0x24 main.o
                0x000018f4                init_interrupts
 .text.copy_command
                0x00001918       0x26 main.o
                0x00001918                copy_command
 .text.processCommand
                0x0000193e      0x1a2 main.o
                0x0000193e                processCommand
 .text.pwm_init_PL5
                0x00001ae0       0x3c main.o
                0x00001ae0                pwm_init_PL5
 .text.pwm_init_PL3
                0x00001b1c       0x3c main.o
                0x00001b1c                pwm_init_PL3
 .text.init_sleep_mode
                0x00001b58        0x8 main.o
                0x00001b58                init_sleep_mode
 .text.sleep_mode_on
                0x00001b60       0x3e main.o
                0x00001b60                sleep_mode_on
 .text.Ledinit  0x00001b9e       0x3a main.o
                0x00001b9e                Ledinit
 .text.LedBlink
                0x00001bd8       0x74 main.o
                0x00001bd8                LedBlink
 .text.LedControl
                0x00001c4c       0xe2 main.o
                0x00001c4c                LedControl
 .text.sampleTest
                0x00001d2e      0x14e main.o
                0x00001d2e                sampleTest
 .text.LedAllOFF
                0x00001e7c       0x2a main.o
                0x00001e7c                LedAllOFF
 .text.printModeflags
                0x00001ea6       0x20 main.o
                0x00001ea6                printModeflags
 .text.__vector_6
                0x00001ec6       0x96 main.o
                0x00001ec6                __vector_6
 .text.__vector_5
                0x00001f5c       0x9c main.o
                0x00001f5c                __vector_5
 .text.main     0x00001ff8      0x648 main.o
                0x00001ff8                main
 .text.MotordriverInit
                0x00002640       0x2a motorDriver.o
                0x00002640                MotordriverInit
 .text.MotordriverRun
                0x0000266a       0x3c motorDriver.o
                0x0000266a                MotordriverRun
 .text.MotordriverStop
                0x000026a6       0x26 motorDriver.o
                0x000026a6                MotordriverStop
 .text.PressureSensorInit
                0x000026cc       0x40 pressureSensor.o
                0x000026cc                PressureSensorInit
 .text.ReadPressure
                0x0000270c      0x102 pressureSensor.o
                0x0000270c                ReadPressure
 .text.paddle_callback_1Hz
                0x0000280e      0x1a8 pulseflow.o
                0x0000280e                paddle_callback_1Hz
 .text.inlet_valve_denergise
                0x000029b6       0x12 r9valve.o
                0x000029b6                inlet_valve_denergise
 .text.inlet_valve_energise
                0x000029c8       0x30 r9valve.o
                0x000029c8                inlet_valve_energise
 .text.settings_Load
                0x000029f8       0x82 settings.o
                0x000029f8                settings_Load
 .text.settings_Save
                0x00002a7a       0x56 settings.o
                0x00002a7a                settings_Save
 .text.spi_init_master
                0x00002ad0       0x1e spi.o
                0x00002ad0                spi_init_master
 .text.SPI_tranceiver_byte
                0x00002aee        0xc spi.o
                0x00002aee                SPI_tranceiver_byte
 .text.uart_puts
                0x00002afa       0x28 uart.o
                0x00002afa                uart_puts
 .text.init_UART
                0x00002b22       0x7e uart.o
                0x00002b22                init_UART
 .text.uart_putc
                0x00002ba0       0x36 uart.o
                0x00002ba0                uart_putc
 .text.usart_putchar_printf
                0x00002bd6       0x20 uart.o
                0x00002bd6                usart_putchar_printf
 .text.uart_transmitByte
                0x00002bf6       0x36 uart.o
                0x00002bf6                uart_transmitByte
 .text.uart_printBinaryByte
                0x00002c2c       0x44 uart.o
                0x00002c2c                uart_printBinaryByte
 .text.USART0_getchar
                0x00002c70       0x12 uart.o
                0x00002c70                USART0_getchar
 .text.USART0_send
                0x00002c82       0x10 uart.o
                0x00002c82                USART0_send
 .text.UART0_getStr
                0x00002c92       0x46 uart.o
                0x00002c92                UART0_getStr
 .text.flowrate_mean
                0x00002cd8       0x48 volume.o
                0x00002cd8                flowrate_mean
 .text.set_sample_volume
                0x00002d20       0xe2 volume.o
                0x00002d20                set_sample_volume
 .text.volume_instants
                0x00002e02      0x160 volume.o
                0x00002e02                volume_instants
 .text.volume_means
                0x00002f62       0xe2 volume.o
                0x00002f62                volume_means
 .text.volume_init
                0x00003044       0x6e volume.o
                0x00003044                volume_init
 .text.INT2_init
                0x000030b2       0x20 wakeupINT2.o
                0x000030b2                INT2_init
 .text.USART1_disable
                0x000030d2       0x36 wakeupINT2.o
                0x000030d2                USART1_disable
 .text.USART1_re_enable
                0x00003108       0x14 wakeupINT2.o
                0x00003108                USART1_re_enable
 .text.pin_change_1_init
                0x0000311c       0x4a wakeupINT2.o
                0x0000311c                pin_change_1_init
 .text.__vector_10
                0x00003166       0x9e wakeupINT2.o
                0x00003166                __vector_10
 .text.avr-libc.fplib
                0x00003204        0xa c:/program files (x86)/atmel/studio/7.0/toolchain/avr8/avr8-gnu-toolchain/bin/../lib/gcc/avr/5.4.0/../../../../avr/lib/avr6\libm.a(addsf3.o)
                0x00003204                __subsf3
                0x00003206                __addsf3
 .text.avr-libc.fplib
                0x0000320e       0xc0 c:/program files (x86)/atmel/studio/7.0/toolchain/avr8/avr8-gnu-toolchain/bin/../lib/gcc/avr/5.4.0/../../../../avr/lib/avr6\libm.a(addsf3x.o)
                0x00003228                __addsf3x
 .text.avr-libc.fplib
                0x000032ce        0x8 c:/program files (x86)/atmel/studio/7.0/toolchain/avr8/avr8-gnu-toolchain/bin/../lib/gcc/avr/5.4.0/../../../../avr/lib/avr6\libm.a(cmpsf2.o)
                0x000032ce                __nesf2
                0x000032ce                __eqsf2
                0x000032ce                __cmpsf2
                0x000032ce                __ltsf2
                0x000032ce                __lesf2
 .text.avr-libc.fplib
                0x000032d6        0x4 c:/program files (x86)/atmel/studio/7.0/toolchain/avr8/avr8-gnu-toolchain/bin/../lib/gcc/avr/5.4.0/../../../../avr/lib/avr6\libm.a(divsf3.o)
                0x000032d6                __divsf3
 .text.avr-libc.fplib
                0x000032da       0xcc c:/program files (x86)/atmel/studio/7.0/toolchain/avr8/avr8-gnu-toolchain/bin/../lib/gcc/avr/5.4.0/../../../../avr/lib/avr6\libm.a(divsf3x.o)
                0x000032f0                __divsf3x
                0x000032f4                __divsf3_pse
 .text.avr-libc.fplib
                0x000033a6       0x7a c:/program files (x86)/atmel/studio/7.0/toolchain/avr8/avr8-gnu-toolchain/bin/../lib/gcc/avr/5.4.0/../../../../avr/lib/avr6\libm.a(floatsisf.o)
                0x000033a6                __floatunsisf
                0x000033aa                __floatsisf
 .text.avr-libc.fplib
                0x00003420       0x48 c:/program files (x86)/atmel/studio/7.0/toolchain/avr8/avr8-gnu-toolchain/bin/../lib/gcc/avr/5.4.0/../../../../avr/lib/avr6\libm.a(fp_cmp.o)
                0x00003420                __fp_cmp
 .text.avr-libc.fplib
                0x00003468        0xc c:/program files (x86)/atmel/studio/7.0/toolchain/avr8/avr8-gnu-toolchain/bin/../lib/gcc/avr/5.4.0/../../../../avr/lib/avr6\libm.a(fp_inf.o)
                0x00003468                __fp_inf
 .text.avr-libc.fplib
                0x00003474        0x6 c:/program files (x86)/atmel/studio/7.0/toolchain/avr8/avr8-gnu-toolchain/bin/../lib/gcc/avr/5.4.0/../../../../avr/lib/avr6\libm.a(fp_nan.o)
                0x00003474                __fp_nan
 .text.avr-libc.fplib
                0x0000347a        0xe c:/program files (x86)/atmel/studio/7.0/toolchain/avr8/avr8-gnu-toolchain/bin/../lib/gcc/avr/5.4.0/../../../../avr/lib/avr6\libm.a(fp_pscA.o)
                0x0000347a                __fp_pscA
 .text.avr-libc.fplib
                0x00003488        0xe c:/program files (x86)/atmel/studio/7.0/toolchain/avr8/avr8-gnu-toolchain/bin/../lib/gcc/avr/5.4.0/../../../../avr/lib/avr6\libm.a(fp_pscB.o)
                0x00003488                __fp_pscB
 .text.avr-libc.fplib
                0x00003496       0x22 c:/program files (x86)/atmel/studio/7.0/toolchain/avr8/avr8-gnu-toolchain/bin/../lib/gcc/avr/5.4.0/../../../../avr/lib/avr6\libm.a(fp_round.o)
                0x00003496                __fp_round
 .text.avr-libc.fplib
                0x000034b8       0x44 c:/program files (x86)/atmel/studio/7.0/toolchain/avr8/avr8-gnu-toolchain/bin/../lib/gcc/avr/5.4.0/../../../../avr/lib/avr6\libm.a(fp_split3.o)
                0x000034b8                __fp_split3
                0x000034c8                __fp_splitA
 .text.avr-libc.fplib
                0x000034fc        0xe c:/program files (x86)/atmel/studio/7.0/toolchain/avr8/avr8-gnu-toolchain/bin/../lib/gcc/avr/5.4.0/../../../../avr/lib/avr6\libm.a(fp_zero.o)
                0x000034fc                __fp_zero
                0x000034fe                __fp_szero
 .text.avr-libc.fplib
                0x0000350a        0x8 c:/program files (x86)/atmel/studio/7.0/toolchain/avr8/avr8-gnu-toolchain/bin/../lib/gcc/avr/5.4.0/../../../../avr/lib/avr6\libm.a(gesf2.o)
                0x0000350a                __gesf2
                0x0000350a                __gtsf2
 .text.avr-libc.fplib
                0x00003512        0x4 c:/program files (x86)/atmel/studio/7.0/toolchain/avr8/avr8-gnu-toolchain/bin/../lib/gcc/avr/5.4.0/../../../../avr/lib/avr6\libm.a(mulsf3.o)
                0x00003512                __mulsf3
 .text.avr-libc.fplib
                0x00003516       0xc2 c:/program files (x86)/atmel/studio/7.0/toolchain/avr8/avr8-gnu-toolchain/bin/../lib/gcc/avr/5.4.0/../../../../avr/lib/avr6\libm.a(mulsf3x.o)
                0x0000352a                __mulsf3x
                0x0000352e                __mulsf3_pse
 .text.avr-libc
                0x000035d8      0x712 c:/program files (x86)/atmel/studio/7.0/toolchain/avr8/avr8-gnu-toolchain/bin/../lib/gcc/avr/5.4.0/../../../../avr/lib/avr6\libprintf_flt.a(vfprintf_flt.o)
                0x000035d8                vfprintf
 .text.libgcc.div
                0x00003cea       0x26 c:/program files (x86)/atmel/studio/7.0/toolchain/avr8/avr8-gnu-toolchain/bin/../lib/gcc/avr/5.4.0/avr6\libgcc.a(_divmodhi4.o)
                0x00003cea                _div
                0x00003cea                __divmodhi4
 .text.libgcc.div
                0x00003d10       0x44 c:/program files (x86)/atmel/studio/7.0/toolchain/avr8/avr8-gnu-toolchain/bin/../lib/gcc/avr/5.4.0/avr6\libgcc.a(_udivmodsi4.o)
                0x00003d10                __udivmodsi4
 .text.libgcc   0x00003d54       0x10 c:/program files (x86)/atmel/studio/7.0/toolchain/avr8/avr8-gnu-toolchain/bin/../lib/gcc/avr/5.4.0/avr6\libgcc.a(_tablejump2.o)
                0x00003d54                __tablejump2__
 .text.libgcc.mul
                0x00003d64       0x1e c:/program files (x86)/atmel/studio/7.0/toolchain/avr8/avr8-gnu-toolchain/bin/../lib/gcc/avr/5.4.0/avr6\libgcc.a(_umulhisi3.o)
                0x00003d64                __umulhisi3
 .text.libgcc.div
                0x00003d82       0x28 c:/program files (x86)/atmel/studio/7.0/toolchain/avr8/avr8-gnu-toolchain/bin/../lib/gcc/avr/5.4.0/avr6\libgcc.a(_udivmodhi4.o)
                0x00003d82                __udivmodhi4
 .text.avr-libc
                0x00003daa       0x3e c:/program files (x86)/atmel/studio/7.0/toolchain/avr8/avr8-gnu-toolchain/bin/../lib/gcc/avr/5.4.0/../../../../avr/lib/avr6\libc.a(dtostrf.o)
                0x00003daa                dtostrf
 .text.avr-libc
                0x00003de8      0x242 c:/program files (x86)/atmel/studio/7.0/toolchain/avr8/avr8-gnu-toolchain/bin/../lib/gcc/avr/5.4.0/../../../../avr/lib/avr6\libc.a(malloc.o)
                0x00003de8                malloc
                0x00003f18                free
 .text.avr-libc
                0x0000402a       0x3a c:/program files (x86)/atmel/studio/7.0/toolchain/avr8/avr8-gnu-toolchain/bin/../lib/gcc/avr/5.4.0/../../../../avr/lib/avr6\libc.a(atoi.o)
                0x0000402a                atoi
 .text.avr-libc
                0x00004064      0x1b0 c:/program files (x86)/atmel/studio/7.0/toolchain/avr8/avr8-gnu-toolchain/bin/../lib/gcc/avr/5.4.0/../../../../avr/lib/avr6\libc.a(ftoa_engine.o)
                0x00004064                __ftoa_engine
 .text.avr-libc
                0x00004214       0x16 c:/program files (x86)/atmel/studio/7.0/toolchain/avr8/avr8-gnu-toolchain/bin/../lib/gcc/avr/5.4.0/../../../../avr/lib/avr6\libc.a(strnlen_P.o)
                0x00004214                strnlen_P
 .text.avr-libc
                0x0000422a       0x12 c:/program files (x86)/atmel/studio/7.0/toolchain/avr8/avr8-gnu-toolchain/bin/../lib/gcc/avr/5.4.0/../../../../avr/lib/avr6\libc.a(strcmp.o)
                0x0000422a                strcmp
 .text.avr-libc
                0x0000423c       0x1e c:/program files (x86)/atmel/studio/7.0/toolchain/avr8/avr8-gnu-toolchain/bin/../lib/gcc/avr/5.4.0/../../../../avr/lib/avr6\libc.a(strncpy.o)
                0x0000423c                strncpy
 .text.avr-libc
                0x0000425a       0x16 c:/program files (x86)/atmel/studio/7.0/toolchain/avr8/avr8-gnu-toolchain/bin/../lib/gcc/avr/5.4.0/../../../../avr/lib/avr6\libc.a(strnlen.o)
                0x0000425a                strnlen
 .text.avr-libc
                0x00004270       0x10 c:/program files (x86)/atmel/studio/7.0/toolchain/avr8/avr8-gnu-toolchain/bin/../lib/gcc/avr/5.4.0/../../../../avr/lib/avr6\libc.a(mul10.o)
                0x00004270                __mulhi_const_10
 .text.avr-libc
                0x00004280       0x78 c:/program files (x86)/atmel/studio/7.0/toolchain/avr8/avr8-gnu-toolchain/bin/../lib/gcc/avr/5.4.0/../../../../avr/lib/avr6\libc.a(fputc.o)
                0x00004280                fputc
 .text.avr-libc
                0x000042f8       0x26 c:/program files (x86)/atmel/studio/7.0/toolchain/avr8/avr8-gnu-toolchain/bin/../lib/gcc/avr/5.4.0/../../../../avr/lib/avr6\libc.a(printf.o)
                0x000042f8                printf
 .text.avr-libc
                0x0000431e       0x60 c:/program files (x86)/atmel/studio/7.0/toolchain/avr8/avr8-gnu-toolchain/bin/../lib/gcc/avr/5.4.0/../../../../avr/lib/avr6\libc.a(puts.o)
                0x0000431e                puts
 .text.avr-libc
                0x0000437e       0x62 c:/program files (x86)/atmel/studio/7.0/toolchain/avr8/avr8-gnu-toolchain/bin/../lib/gcc/avr/5.4.0/../../../../avr/lib/avr6\libc.a(puts_p.o)
                0x0000437e                puts_P
 .text.avr-libc
                0x000043e0       0x78 c:/program files (x86)/atmel/studio/7.0/toolchain/avr8/avr8-gnu-toolchain/bin/../lib/gcc/avr/5.4.0/../../../../avr/lib/avr6\libc.a(snprintf.o)
                0x000043e0                snprintf
 .text.avr-libc
                0x00004458       0x5c c:/program files (x86)/atmel/studio/7.0/toolchain/avr8/avr8-gnu-toolchain/bin/../lib/gcc/avr/5.4.0/../../../../avr/lib/avr6\libc.a(sprintf.o)
                0x00004458                sprintf
 .text.avr-libc
                0x000044b4       0xbc c:/program files (x86)/atmel/studio/7.0/toolchain/avr8/avr8-gnu-toolchain/bin/../lib/gcc/avr/5.4.0/../../../../avr/lib/avr6\libc.a(ultoa_invert.o)
                0x000044b4                __ultoa_invert
 .text.avr-libc
                0x00004570      0x2ec c:/program files (x86)/atmel/studio/7.0/toolchain/avr8/avr8-gnu-toolchain/bin/../lib/gcc/avr/5.4.0/../../../../avr/lib/avr6\libc.a(dtoa_prf.o)
                0x00004570                dtoa_prf
 .text.avr-libc
                0x0000485c        0xa C:/Program Files (x86)/Atmel/Studio/7.0/Packs/atmel/ATmega_DFP/1.2.209/gcc/dev/atmega2560/avr6\libatmega2560.a(eerd_word.o)
                0x0000485c                eeprom_read_word
 .text.avr-libc
                0x00004866        0x8 C:/Program Files (x86)/Atmel/Studio/7.0/Packs/atmel/ATmega_DFP/1.2.209/gcc/dev/atmega2560/avr6\libatmega2560.a(eeupd_word.o)
                0x00004866                eeprom_update_word
 .text.avr-libc
                0x0000486e       0x20 C:/Program Files (x86)/Atmel/Studio/7.0/Packs/atmel/ATmega_DFP/1.2.209/gcc/dev/atmega2560/avr6\libatmega2560.a(eerd_block.o)
                0x0000486e                eeprom_read_block
                0x00004872                eeprom_read_blraw
 .text.avr-libc
                0x0000488e       0x24 C:/Program Files (x86)/Atmel/Studio/7.0/Packs/atmel/ATmega_DFP/1.2.209/gcc/dev/atmega2560/avr6\libatmega2560.a(eeupd_byte.o)
                0x0000488e                eeprom_update_byte
                0x00004890                eeprom_update_r18
                0x000048b2                . = ALIGN (0x2)
 *(.fini9)
 .fini9         0x000048b2        0x0 c:/program files (x86)/atmel/studio/7.0/toolchain/avr8/avr8-gnu-toolchain/bin/../lib/gcc/avr/5.4.0/avr6\libgcc.a(_exit.o)
                0x000048b2                _exit
                0x000048b2                exit
 *(.fini9)
 *(.fini8)
 *(.fini8)
 *(.fini7)
 *(.fini7)
 *(.fini6)
 *(.fini6)
 *(.fini5)
 *(.fini5)
 *(.fini4)
 *(.fini4)
 *(.fini3)
 *(.fini3)
 *(.fini2)
 *(.fini2)
 *(.fini1)
 *(.fini1)
 *(.fini0)
 .fini0         0x000048b2        0x4 c:/program files (x86)/atmel/studio/7.0/toolchain/avr8/avr8-gnu-toolchain/bin/../lib/gcc/avr/5.4.0/avr6\libgcc.a(_exit.o)
 *(.fini0)
                0x000048b6                _etext = .

.data           0x00800200     0x13b4 load address 0x000048b6
                0x00800200                PROVIDE (__data_start, .)
 *(.data)
 .data          0x00800200        0x6 c:/program files (x86)/atmel/studio/7.0/toolchain/avr8/avr8-gnu-toolchain/bin/../lib/gcc/avr/5.4.0/../../../../avr/lib/avr6\libc.a(malloc.o)
                0x00800200                __malloc_heap_end
                0x00800202                __malloc_heap_start
                0x00800204                __malloc_margin
 *(.data*)
 .data.logging_level_global
                0x00800206        0x1 logging.o
                0x00800206                logging_level_global
 .data.timerx_1hz_callbacks
                0x00800207        0x4 main.o
                0x00800207                timerx_1hz_callbacks
 .data.modeFlags
                0x0080020b        0x1 main.o
                0x0080020b                modeFlags
 .data.mystdout
                0x0080020c        0xe uart.o
 *(.gnu.linkonce.d*)
 *(.rodata)
 *(.rodata*)
 .rodata.str1.1
                0x0080021a       0x31 buoyancy.o
 .rodata.str1.1
                0x0080024b      0x45a DS3231.o
                                0x462 (size before relaxing)
 .rodata.str1.1
                0x008006a5      0x13e fram.o
 .rodata.str1.1
                0x008007e3       0xf7 logging.o
                                 0xfa (size before relaxing)
 .rodata.str1.1
                0x008008da      0xa30 main.o
                                0xa3e (size before relaxing)
 .rodata.str1.1
                0x0080130a       0x7a motorDriver.o
 .rodata.str1.1
                0x00801384      0x11b pressureSensor.o
 .rodata.str1.1
                0x0080149f       0x3f r9valve.o
 .rodata.str1.1
                0x0080149f       0x37 spi.o
 .rodata.str1.1
                0x008014d6       0x6a uart.o
 .rodata.str1.1
                0x00801540       0x2d volume.o
 .rodata.str1.1
                0x0080156d       0x46 wakeupINT2.o
 *(.gnu.linkonce.r*)
                0x008015b4                . = ALIGN (0x2)
 *fill*         0x008015b3        0x1 
                0x008015b4                _edata = .
                0x008015b4                PROVIDE (__data_end, .)

.bss            0x008015b4       0xc1
                0x008015b4                PROVIDE (__bss_start, .)
 *(.bss)
 *(.bss*)
 .bss.usart1Stop
                0x008015b4        0x1 main.o
                0x008015b4                usart1Stop
 .bss.pulseFlowEnabled
                0x008015b5        0x1 pulseflow.o
                0x008015b5                pulseFlowEnabled
 .bss.PCINT8flag
                0x008015b6        0x1 wakeupINT2.o
                0x008015b6                PCINT8flag
 *(COMMON)
 COMMON         0x008015b7        0x4 fram.o
                0x008015b7                sequential_address
                0x008015b9                read_address
 COMMON         0x008015bb        0x6 i2c.o
                0x008015bb                timeout_mode
                0x008015bc                timeout_cycles
                0x008015c0                lastTimeout
 COMMON         0x008015c1       0x75 main.o
                0x008015c1                settings
                0x008015d7                data_count
                0x008015d8                command_in
                0x008015e1                data_in
                0x008015ea                command_valid
                0x008015eb                v
                0x00801631                command_name
                0x00801635                command_ready
 COMMON         0x00801636       0x2a pulseflow.o
                0x00801636                secondsLow
                0x00801637                counter_11
                0x00801641                pulse_total_uL
                0x00801645                lowrateCutoff
                0x00801646                counter_12
                0x00801650                uL_total
                0x00801654                counter_13
                0x0080165e                pulseCutoff
 COMMON         0x00801660        0x9 timerx.o
                0x00801660                timerx_callback_sub
                0x00801662                timerx_callback_sec
                0x00801664                timerx_sec
                0x00801668                timerx_sub
 COMMON         0x00801669        0x2 wakeupINT2.o
                0x00801669                porte_prev
                0x0080166a                portj_prev
 COMMON         0x0080166b        0x4 c:/program files (x86)/atmel/studio/7.0/toolchain/avr8/avr8-gnu-toolchain/bin/../lib/gcc/avr/5.4.0/../../../../avr/lib/avr6\libc.a(malloc.o)
                0x0080166b                __brkval
                0x0080166d                __flp
 COMMON         0x0080166f        0x6 c:/program files (x86)/atmel/studio/7.0/toolchain/avr8/avr8-gnu-toolchain/bin/../lib/gcc/avr/5.4.0/../../../../avr/lib/avr6\libc.a(iob.o)
                0x0080166f                __iob
                0x00801675                PROVIDE (__bss_end, .)
                0x000048b6                __data_load_start = LOADADDR (.data)
                0x00005c6a                __data_load_end = (__data_load_start + SIZEOF (.data))

.noinit         0x00801675        0x0
                [!provide]                PROVIDE (__noinit_start, .)
 *(.noinit*)
                [!provide]                PROVIDE (__noinit_end, .)
                0x00801675                _end = .
                0x00801675                PROVIDE (__heap_start, .)

.eeprom         0x00810000        0x0
 *(.eeprom*)
                0x00810000                __eeprom_end = .

.fuse
 *(.fuse)
 *(.lfuse)
 *(.hfuse)
 *(.efuse)

.lock
 *(.lock*)

.signature
 *(.signature*)

.user_signatures
 *(.user_signatures*)

.stab
 *(.stab)

.stabstr
 *(.stabstr)

.stab.excl
 *(.stab.excl)

.stab.exclstr
 *(.stab.exclstr)

.stab.index
 *(.stab.index)

.stab.indexstr
 *(.stab.indexstr)

.comment        0x00000000       0x5c
 *(.comment)
 .comment       0x00000000       0x30 buoyancy.o
                                 0x31 (size before relaxing)
 .comment       0x00000030       0x31 DS3231.o
 .comment       0x00000030       0x31 fram.o
 .comment       0x00000030       0x31 fs2012.o
 .comment       0x00000030       0x31 i2c.o
 .comment       0x00000030       0x31 logging.o
 .comment       0x00000030       0x31 main.o
 .comment       0x00000030       0x31 motorDriver.o
 .comment       0x00000030       0x31 pressureSensor.o
 .comment       0x00000030       0x31 pulseflow.o
 .comment       0x00000030       0x31 r9valve.o
 .comment       0x00000030       0x31 settings.o
 .comment       0x00000030       0x31 spi.o
 .comment       0x00000030       0x31 timerx.o
 .comment       0x00000030       0x31 uart.o
 .comment       0x00000030       0x31 volume.o
 .comment       0x00000030       0x31 wakeupINT2.o
 .comment       0x00000030       0x2c c:/program files (x86)/atmel/studio/7.0/toolchain/avr8/avr8-gnu-toolchain/bin/../lib/gcc/avr/5.4.0/../../../../avr/lib/avr6\libprintf_flt.a(vfprintf_flt.o)
                                 0x2d (size before relaxing)
 .comment       0x0000005c       0x31 c:/program files (x86)/atmel/studio/7.0/toolchain/avr8/avr8-gnu-toolchain/bin/../lib/gcc/avr/5.4.0/../../../../avr/lib/avr6\libc.a(dtostrf.o)
 .comment       0x0000005c       0x31 c:/program files (x86)/atmel/studio/7.0/toolchain/avr8/avr8-gnu-toolchain/bin/../lib/gcc/avr/5.4.0/../../../../avr/lib/avr6\libc.a(malloc.o)
 .comment       0x0000005c       0x31 c:/program files (x86)/atmel/studio/7.0/toolchain/avr8/avr8-gnu-toolchain/bin/../lib/gcc/avr/5.4.0/../../../../avr/lib/avr6\libc.a(fputc.o)
 .comment       0x0000005c       0x31 c:/program files (x86)/atmel/studio/7.0/toolchain/avr8/avr8-gnu-toolchain/bin/../lib/gcc/avr/5.4.0/../../../../avr/lib/avr6\libc.a(iob.o)
 .comment       0x0000005c       0x31 c:/program files (x86)/atmel/studio/7.0/toolchain/avr8/avr8-gnu-toolchain/bin/../lib/gcc/avr/5.4.0/../../../../avr/lib/avr6\libc.a(printf.o)
 .comment       0x0000005c       0x31 c:/program files (x86)/atmel/studio/7.0/toolchain/avr8/avr8-gnu-toolchain/bin/../lib/gcc/avr/5.4.0/../../../../avr/lib/avr6\libc.a(puts.o)
 .comment       0x0000005c       0x31 c:/program files (x86)/atmel/studio/7.0/toolchain/avr8/avr8-gnu-toolchain/bin/../lib/gcc/avr/5.4.0/../../../../avr/lib/avr6\libc.a(puts_p.o)
 .comment       0x0000005c       0x31 c:/program files (x86)/atmel/studio/7.0/toolchain/avr8/avr8-gnu-toolchain/bin/../lib/gcc/avr/5.4.0/../../../../avr/lib/avr6\libc.a(snprintf.o)
 .comment       0x0000005c       0x31 c:/program files (x86)/atmel/studio/7.0/toolchain/avr8/avr8-gnu-toolchain/bin/../lib/gcc/avr/5.4.0/../../../../avr/lib/avr6\libc.a(sprintf.o)
 .comment       0x0000005c       0x31 c:/program files (x86)/atmel/studio/7.0/toolchain/avr8/avr8-gnu-toolchain/bin/../lib/gcc/avr/5.4.0/../../../../avr/lib/avr6\libc.a(dtoa_prf.o)

.note.gnu.avr.deviceinfo
                0x00000000       0x40
 .note.gnu.avr.deviceinfo
                0x00000000       0x40 C:/Program Files (x86)/Atmel/Studio/7.0/Packs/atmel/ATmega_DFP/1.2.209/gcc/dev/atmega2560/avr6/crtatmega2560.o

.note.gnu.build-id
 *(.note.gnu.build-id)

.debug
 *(.debug)

.line
 *(.line)

.debug_srcinfo
 *(.debug_srcinfo)

.debug_sfnames
 *(.debug_sfnames)

.debug_aranges  0x00000000      0x6f0
 *(.debug_aranges)
 .debug_aranges
                0x00000000       0x28 buoyancy.o
 .debug_aranges
                0x00000028       0xd0 DS3231.o
 .debug_aranges
                0x000000f8       0x70 fram.o
 .debug_aranges
                0x00000168       0x78 fs2012.o
 .debug_aranges
                0x000001e0       0x60 i2c.o
 .debug_aranges
                0x00000240       0x50 logging.o
 .debug_aranges
                0x00000290      0x158 main.o
 .debug_aranges
                0x000003e8       0x30 motorDriver.o
 .debug_aranges
                0x00000418       0x28 pressureSensor.o
 .debug_aranges
                0x00000440       0x80 pulseflow.o
 .debug_aranges
                0x000004c0       0x28 r9valve.o
 .debug_aranges
                0x000004e8       0x28 settings.o
 .debug_aranges
                0x00000510       0x28 spi.o
 .debug_aranges
                0x00000538       0x40 timerx.o
 .debug_aranges
                0x00000578       0x68 uart.o
 .debug_aranges
                0x000005e0       0x50 volume.o
 .debug_aranges
                0x00000630       0x40 wakeupINT2.o
 .debug_aranges
                0x00000670       0x20 C:/Program Files (x86)/Atmel/Studio/7.0/Packs/atmel/ATmega_DFP/1.2.209/gcc/dev/atmega2560/avr6\libatmega2560.a(eerd_word.o)
 .debug_aranges
                0x00000690       0x20 C:/Program Files (x86)/Atmel/Studio/7.0/Packs/atmel/ATmega_DFP/1.2.209/gcc/dev/atmega2560/avr6\libatmega2560.a(eeupd_word.o)
 .debug_aranges
                0x000006b0       0x20 C:/Program Files (x86)/Atmel/Studio/7.0/Packs/atmel/ATmega_DFP/1.2.209/gcc/dev/atmega2560/avr6\libatmega2560.a(eerd_block.o)
 .debug_aranges
                0x000006d0       0x20 C:/Program Files (x86)/Atmel/Studio/7.0/Packs/atmel/ATmega_DFP/1.2.209/gcc/dev/atmega2560/avr6\libatmega2560.a(eeupd_byte.o)

.debug_pubnames
 *(.debug_pubnames)

.debug_info     0x00000000     0x80b1
 *(.debug_info .gnu.linkonce.wi.*)
 .debug_info    0x00000000      0xbbc C:/Program Files (x86)/Atmel/Studio/7.0/Packs/atmel/ATmega_DFP/1.2.209/gcc/dev/atmega2560/avr6/crtatmega2560.o
 .debug_info    0x00000bbc      0x2dc buoyancy.o
 .debug_info    0x00000e98     0x1100 DS3231.o
 .debug_info    0x00001f98      0x78c fram.o
 .debug_info    0x00002724      0x514 fs2012.o
 .debug_info    0x00002c38      0x249 i2c.o
 .debug_info    0x00002e81      0x4b3 logging.o
 .debug_info    0x00003334     0x2ddd main.o
 .debug_info    0x00006111      0x177 motorDriver.o
 .debug_info    0x00006288      0x296 pressureSensor.o
 .debug_info    0x0000651e      0x50d pulseflow.o
 .debug_info    0x00006a2b      0x16f r9valve.o
 .debug_info    0x00006b9a      0x1a5 settings.o
 .debug_info    0x00006d3f      0x102 spi.o
 .debug_info    0x00006e41      0x393 timerx.o
 .debug_info    0x000071d4      0x498 uart.o
 .debug_info    0x0000766c      0x489 volume.o
 .debug_info    0x00007af5      0x309 wakeupINT2.o
 .debug_info    0x00007dfe       0xac C:/Program Files (x86)/Atmel/Studio/7.0/Packs/atmel/ATmega_DFP/1.2.209/gcc/dev/atmega2560/avr6\libatmega2560.a(eerd_word.o)
 .debug_info    0x00007eaa       0xad C:/Program Files (x86)/Atmel/Studio/7.0/Packs/atmel/ATmega_DFP/1.2.209/gcc/dev/atmega2560/avr6\libatmega2560.a(eeupd_word.o)
 .debug_info    0x00007f57       0xad C:/Program Files (x86)/Atmel/Studio/7.0/Packs/atmel/ATmega_DFP/1.2.209/gcc/dev/atmega2560/avr6\libatmega2560.a(eerd_block.o)
 .debug_info    0x00008004       0xad C:/Program Files (x86)/Atmel/Studio/7.0/Packs/atmel/ATmega_DFP/1.2.209/gcc/dev/atmega2560/avr6\libatmega2560.a(eeupd_byte.o)

.debug_abbrev   0x00000000     0x26e2
 *(.debug_abbrev)
 .debug_abbrev  0x00000000      0xb1a C:/Program Files (x86)/Atmel/Studio/7.0/Packs/atmel/ATmega_DFP/1.2.209/gcc/dev/atmega2560/avr6/crtatmega2560.o
 .debug_abbrev  0x00000b1a      0x115 buoyancy.o
 .debug_abbrev  0x00000c2f      0x294 DS3231.o
 .debug_abbrev  0x00000ec3      0x1ff fram.o
 .debug_abbrev  0x000010c2      0x11c fs2012.o
 .debug_abbrev  0x000011de      0x121 i2c.o
 .debug_abbrev  0x000012ff      0x17d logging.o
 .debug_abbrev  0x0000147c      0x48f main.o
 .debug_abbrev  0x0000190b       0xbc motorDriver.o
 .debug_abbrev  0x000019c7      0x140 pressureSensor.o
 .debug_abbrev  0x00001b07      0x22f pulseflow.o
 .debug_abbrev  0x00001d36       0xe7 r9valve.o
 .debug_abbrev  0x00001e1d      0x11b settings.o
 .debug_abbrev  0x00001f38       0xb7 spi.o
 .debug_abbrev  0x00001fef      0x129 timerx.o
 .debug_abbrev  0x00002118      0x1bd uart.o
 .debug_abbrev  0x000022d5      0x22a volume.o
 .debug_abbrev  0x000024ff      0x193 wakeupINT2.o
 .debug_abbrev  0x00002692       0x14 C:/Program Files (x86)/Atmel/Studio/7.0/Packs/atmel/ATmega_DFP/1.2.209/gcc/dev/atmega2560/avr6\libatmega2560.a(eerd_word.o)
 .debug_abbrev  0x000026a6       0x14 C:/Program Files (x86)/Atmel/Studio/7.0/Packs/atmel/ATmega_DFP/1.2.209/gcc/dev/atmega2560/avr6\libatmega2560.a(eeupd_word.o)
 .debug_abbrev  0x000026ba       0x14 C:/Program Files (x86)/Atmel/Studio/7.0/Packs/atmel/ATmega_DFP/1.2.209/gcc/dev/atmega2560/avr6\libatmega2560.a(eerd_block.o)
 .debug_abbrev  0x000026ce       0x14 C:/Program Files (x86)/Atmel/Studio/7.0/Packs/atmel/ATmega_DFP/1.2.209/gcc/dev/atmega2560/avr6\libatmega2560.a(eeupd_byte.o)

.debug_line     0x00000000     0x3fa9
 *(.debug_line .debug_line.* .debug_line_end)
 .debug_line    0x00000000      0x1f9 C:/Program Files (x86)/Atmel/Studio/7.0/Packs/atmel/ATmega_DFP/1.2.209/gcc/dev/atmega2560/avr6/crtatmega2560.o
 .debug_line    0x000001f9      0x18e buoyancy.o
 .debug_line    0x00000387      0x64a DS3231.o
 .debug_line    0x000009d1      0x404 fram.o
 .debug_line    0x00000dd5      0x323 fs2012.o
 .debug_line    0x000010f8      0x1e2 i2c.o
 .debug_line    0x000012da      0x2a3 logging.o
 .debug_line    0x0000157d     0x1320 main.o
 .debug_line    0x0000289d      0x168 motorDriver.o
 .debug_line    0x00002a05      0x22d pressureSensor.o
 .debug_line    0x00002c32      0x37c pulseflow.o
 .debug_line    0x00002fae      0x14c r9valve.o
 .debug_line    0x000030fa      0x171 settings.o
 .debug_line    0x0000326b       0xec spi.o
 .debug_line    0x00003357      0x235 timerx.o
 .debug_line    0x0000358c      0x302 uart.o
 .debug_line    0x0000388e      0x27f volume.o
 .debug_line    0x00003b0d      0x272 wakeupINT2.o
 .debug_line    0x00003d7f       0x67 C:/Program Files (x86)/Atmel/Studio/7.0/Packs/atmel/ATmega_DFP/1.2.209/gcc/dev/atmega2560/avr6\libatmega2560.a(eerd_word.o)
 .debug_line    0x00003de6       0x62 C:/Program Files (x86)/Atmel/Studio/7.0/Packs/atmel/ATmega_DFP/1.2.209/gcc/dev/atmega2560/avr6\libatmega2560.a(eeupd_word.o)
 .debug_line    0x00003e48       0xab C:/Program Files (x86)/Atmel/Studio/7.0/Packs/atmel/ATmega_DFP/1.2.209/gcc/dev/atmega2560/avr6\libatmega2560.a(eerd_block.o)
 .debug_line    0x00003ef3       0xb6 C:/Program Files (x86)/Atmel/Studio/7.0/Packs/atmel/ATmega_DFP/1.2.209/gcc/dev/atmega2560/avr6\libatmega2560.a(eeupd_byte.o)

.debug_frame    0x00000000     0x14c8
 *(.debug_frame)
 .debug_frame   0x00000000       0x34 buoyancy.o
 .debug_frame   0x00000034      0x430 DS3231.o
 .debug_frame   0x00000464      0x124 fram.o
 .debug_frame   0x00000588      0x110 fs2012.o
 .debug_frame   0x00000698       0xa4 i2c.o
 .debug_frame   0x0000073c      0x158 logging.o
 .debug_frame   0x00000894      0x64c main.o
 .debug_frame   0x00000ee0       0x44 motorDriver.o
 .debug_frame   0x00000f24       0x40 pressureSensor.o
 .debug_frame   0x00000f64       0xf0 pulseflow.o
 .debug_frame   0x00001054       0x34 r9valve.o
 .debug_frame   0x00001088       0x98 settings.o
 .debug_frame   0x00001120       0x34 spi.o
 .debug_frame   0x00001154       0x64 timerx.o
 .debug_frame   0x000011b8      0x114 uart.o
 .debug_frame   0x000012cc      0x170 volume.o
 .debug_frame   0x0000143c       0x8c wakeupINT2.o

.debug_str      0x00000000     0x1c02
 *(.debug_str)
 .debug_str     0x00000000      0x3e6 C:/Program Files (x86)/Atmel/Studio/7.0/Packs/atmel/ATmega_DFP/1.2.209/gcc/dev/atmega2560/avr6/crtatmega2560.o
 .debug_str     0x000003e6      0x1e4 buoyancy.o
                                0x222 (size before relaxing)
 .debug_str     0x000005ca      0x2e4 DS3231.o
                                0x47b (size before relaxing)
 .debug_str     0x000008ae      0x198 fram.o
                                0x3c7 (size before relaxing)
 .debug_str     0x00000a46      0x1f4 fs2012.o
                                0x3a5 (size before relaxing)
 .debug_str     0x00000c3a       0x5b i2c.o
                                0x23d (size before relaxing)
 .debug_str     0x00000c95       0x95 logging.o
                                0x29a (size before relaxing)
 .debug_str     0x00000d2a      0xa45 main.o
                                0xd6b (size before relaxing)
 .debug_str     0x0000176f       0x40 motorDriver.o
                                0x1fe (size before relaxing)
 .debug_str     0x000017af       0x82 pressureSensor.o
                                0x273 (size before relaxing)
 .debug_str     0x00001831      0x1b6 pulseflow.o
                                0x373 (size before relaxing)
 .debug_str     0x000019e7        0xf r9valve.o
                                0x203 (size before relaxing)
 .debug_str     0x000019f6       0x4b settings.o
                                0x205 (size before relaxing)
 .debug_str     0x00001a41       0x1c spi.o
                                0x1bd (size before relaxing)
 .debug_str     0x00001a5d       0x56 timerx.o
                                0x253 (size before relaxing)
 .debug_str     0x00001ab3       0x9a uart.o
                                0x265 (size before relaxing)
 .debug_str     0x00001b4d       0x5f volume.o
                                0x2fe (size before relaxing)
 .debug_str     0x00001bac       0x56 wakeupINT2.o
                                0x2c4 (size before relaxing)

.debug_loc      0x00000000     0x4c71
 *(.debug_loc)
 .debug_loc     0x00000000      0x146 buoyancy.o
 .debug_loc     0x00000146     0x106d DS3231.o
 .debug_loc     0x000011b3      0x3b0 fram.o
 .debug_loc     0x00001563      0x16a fs2012.o
 .debug_loc     0x000016cd       0x78 i2c.o
 .debug_loc     0x00001745      0x51e logging.o
 .debug_loc     0x00001c63     0x1c58 main.o
 .debug_loc     0x000038bb       0x74 motorDriver.o
 .debug_loc     0x0000392f      0x1a1 pressureSensor.o
 .debug_loc     0x00003ad0      0x241 pulseflow.o
 .debug_loc     0x00003d11       0x48 r9valve.o
 .debug_loc     0x00003d59      0x160 settings.o
 .debug_loc     0x00003eb9       0x1f spi.o
 .debug_loc     0x00003ed8      0x177 timerx.o
 .debug_loc     0x0000404f      0x4d2 uart.o
 .debug_loc     0x00004521      0x63a volume.o
 .debug_loc     0x00004b5b      0x116 wakeupINT2.o

.debug_macinfo
 *(.debug_macinfo)

.debug_weaknames
 *(.debug_weaknames)

.debug_funcnames
 *(.debug_funcnames)

.debug_typenames
 *(.debug_typenames)

.debug_varnames
 *(.debug_varnames)

.debug_pubtypes
 *(.debug_pubtypes)

.debug_ranges   0x00000000      0x5e0
 *(.debug_ranges)
 .debug_ranges  0x00000000       0x18 buoyancy.o
 .debug_ranges  0x00000018       0xc0 DS3231.o
 .debug_ranges  0x000000d8       0x60 fram.o
 .debug_ranges  0x00000138       0x68 fs2012.o
 .debug_ranges  0x000001a0       0x50 i2c.o
 .debug_ranges  0x000001f0       0x40 logging.o
 .debug_ranges  0x00000230      0x1c8 main.o
 .debug_ranges  0x000003f8       0x20 motorDriver.o
 .debug_ranges  0x00000418       0x18 pressureSensor.o
 .debug_ranges  0x00000430       0x70 pulseflow.o
 .debug_ranges  0x000004a0       0x18 r9valve.o
 .debug_ranges  0x000004b8       0x18 settings.o
 .debug_ranges  0x000004d0       0x18 spi.o
 .debug_ranges  0x000004e8       0x30 timerx.o
 .debug_ranges  0x00000518       0x58 uart.o
 .debug_ranges  0x00000570       0x40 volume.o
 .debug_ranges  0x000005b0       0x30 wakeupINT2.o

.debug_macro
 *(.debug_macro)
OUTPUT(stan5firmware.elf elf32-avr)
LOAD linker stubs
